PS E:\programs\flaskApis\flask-api-demo\flaskapi> pip install gunicorn


PS E:\programs\flaskApis\flask-api-demo\flaskapi> pip freeze > requirement.txt

create ProcFile and add this module name 
web: gunicorn app:app


E:\programs\flaskApis\flask-api-demo\flaskapi>heroku --version
 »   Warning: heroku update available from 7.53.0 to 8.1.9.
heroku/7.53.0 win32-x64 node-v12.21.0

E:\programs\flaskApis\flask-api-demo\flaskapi>heroku login
 »   Warning: heroku update available from 7.53.0 to 8.1.9.
heroku: Press any key to open up the browser to login or q to exit:
Opening browser to https://cli-auth.heroku.com/auth/cli/browser/8117a149-5044-4853-8621-3010d71018bd?requestor=SFMyNTY.g2gDbQAAAA0xMDMuODcuNTcuMjIybgYASM7MX4kBYgABUYA.fAC0e4-P_kOrr-VuXPGoi5xDW5tXKVNPhpH52d2WKZg
Logging in... done
Logged in as sprajapat8331@gmail.com

E:\programs\flaskApis\flask-api-demo\flaskapi>heroku flask-demo-api-deploy
 »   Warning: heroku update available from 7.53.0 to 8.1.9.
 »   Warning: flask-demo-api-deploy is not a heroku command.
Did you mean addons:destroy? [y/n]:
 »   Error: Run heroku help for a list of available commands.

E:\programs\flaskApis\flask-api-demo\flaskapi>git push heroku main
error: src refspec main does not match any
error: failed to push some refs to 'heroku'
